// Jest Snapshot v1, https://goo.gl/fbAQLP

exports[`renders the UI as expected 1`] = `
<div
  className="App"
>
  <h1>
    Hello from the App component of the Accordian App
  </h1>
  <button>
    Click for Inspirational Message One
  </button>
  <br />
  <br />
  <button>
    Click for Inspirational Message Two
  </button>
  <br />
  <br />
  <button>
    Click for Inspirational Message Three
  </button>
  <br />
  <br />
  Inspirational message to come...
</div>
`;
